15:34:11 **** Incremental Build of configuration Debug for project SPI_446_Send2_test_gui_tung_ky_tu ****
make -j4 all 
arm-none-eabi-gcc "../Core/Src/main.c" -mcpu=cortex-m4 -std=gnu11 -g3 -DDEBUG -DUSE_HAL_DRIVER -DSTM32F446xx -c -I../Core/Inc -I"C:/Users/maith/Desktop/htn/SPI_Send/SPI_446_Send2_test_gui_tung_ky_tu/string_handling/inc" -I../Drivers/STM32F4xx_HAL_Driver/Inc -I../Drivers/STM32F4xx_HAL_Driver/Inc/Legacy -I../Drivers/CMSIS/Device/ST/STM32F4xx/Include -I../Drivers/CMSIS/Include -O0 -ffunction-sections -fdata-sections -Wall -fstack-usage -MMD -MP -MF"Core/Src/main.d" -MT"Core/Src/main.o" --specs=nano.specs -mfpu=fpv4-sp-d16 -mfloat-abi=hard -mthumb -o "Core/Src/main.o"
arm-none-eabi-gcc -o "SPI_446_Send2_test_gui_tung_ky_tu.elf" @"objects.list"   -mcpu=cortex-m4 -T"C:\Users\maith\Desktop\htn\SPI_Send\SPI_446_Send2_test_gui_tung_ky_tu\STM32F446RETX_FLASH.ld" --specs=nosys.specs -Wl,-Map="SPI_446_Send2_test_gui_tung_ky_tu.map" -Wl,--gc-sections -static --specs=nano.specs -mfpu=fpv4-sp-d16 -mfloat-abi=hard -mthumb -Wl,--start-group -lc -lm -Wl,--end-group
Finished building target: SPI_446_Send2_test_gui_tung_ky_tu.elf
 
arm-none-eabi-size   SPI_446_Send2_test_gui_tung_ky_tu.elf 
arm-none-eabi-objdump -h -S  SPI_446_Send2_test_gui_tung_ky_tu.elf  > "SPI_446_Send2_test_gui_tung_ky_tu.list"
   text	   data	    bss	    dec	    hex	filename
   8664	     20	   1636	  10320	   2850	SPI_446_Send2_test_gui_tung_ky_tu.elf
Finished building: default.size.stdout
 
Finished building: SPI_446_Send2_test_gui_tung_ky_tu.list
 

15:34:13 Build Finished. 0 errors, 0 warnings. (took 2s.455ms)

