17:11:18 **** Incremental Build of configuration Debug for project SPI_446_Send2 ****
make -j4 all 
arm-none-eabi-gcc "../Core/Src/main.c" -mcpu=cortex-m4 -std=gnu11 -g3 -DDEBUG -DUSE_HAL_DRIVER -DSTM32F446xx -c -I../Core/Inc -I"C:/Users/maith/Desktop/htn/SPI_Send/SPI_446_Send2/string_handling/inc" -I../Drivers/STM32F4xx_HAL_Driver/Inc -I../Drivers/STM32F4xx_HAL_Driver/Inc/Legacy -I../Drivers/CMSIS/Device/ST/STM32F4xx/Include -I../Drivers/CMSIS/Include -O0 -ffunction-sections -fdata-sections -Wall -fstack-usage -MMD -MP -MF"Core/Src/main.d" -MT"Core/Src/main.o" --specs=nano.specs -mfpu=fpv4-sp-d16 -mfloat-abi=hard -mthumb -o "Core/Src/main.o"
../Core/Src/main.c: In function 'main':
../Core/Src/main.c:108:51: warning: array subscript has type 'char' [-Wchar-subscripts]
  108 |     HAL_GPIO_WritePin(GPIOA, GPIO_PIN_1, (int)(str[i]-48));
      |                                                   ^
arm-none-eabi-gcc -o "SPI_446_Send2.elf" @"objects.list"   -mcpu=cortex-m4 -T"C:\Users\maith\Desktop\htn\SPI_Send\SPI_446_Send2\STM32F446RETX_FLASH.ld" --specs=nosys.specs -Wl,-Map="SPI_446_Send2.map" -Wl,--gc-sections -static --specs=nano.specs -mfpu=fpv4-sp-d16 -mfloat-abi=hard -mthumb -Wl,--start-group -lc -lm -Wl,--end-group
Finished building target: SPI_446_Send2.elf
 
arm-none-eabi-size   SPI_446_Send2.elf 
arm-none-eabi-objdump -h -S  SPI_446_Send2.elf  > "SPI_446_Send2.list"
   text	   data	    bss	    dec	    hex	filename
   9428	    132	   1660	  11220	   2bd4	SPI_446_Send2.elf
Finished building: default.size.stdout
 
Finished building: SPI_446_Send2.list
 

17:11:20 Build Finished. 0 errors, 1 warnings. (took 2s.475ms)

